
R version 3.4.0 (2017-04-21) -- "You Stupid Darkness"
Copyright (C) 2017 The R Foundation for Statistical Computing
Platform: x86_64-pc-linux-gnu (64-bit)

R is free software and comes with ABSOLUTELY NO WARRANTY.
You are welcome to redistribute it under certain conditions.
Type 'license()' or 'licence()' for distribution details.

  Natural language support but running in an English locale

R is a collaborative project with many contributors.
Type 'contributors()' for more information and
'citation()' on how to cite R or R packages in publications.

Type 'demo()' for some demos, 'help()' for on-line help, or
'help.start()' for an HTML browser interface to help.
Type 'q()' to quit R.

> args <- (commandArgs(trailingOnly = TRUE))
> for (i in 1:length(args)) {
+   eval(parse(text = args[[i]]))
+ }
> 
> print(gene)  ## gene of interest, or file listing collection of genes (one per row)
[1] "ENSG00000160963"
> print(bam)  ## bam file
[1] "STAR/20151016.A-Cortex_RNA/20151016.A-Cortex_RNA_Aligned.sortedByCoord.out.bam"
> print(bigwig)  ## bigwig file for visualization
[1] "STARbigwig/20151016.A-Cortex_RNA_Aligned.sortedByCoord.out.bw"
> print(genemodels)  ## gene models etc (output of alpine_prepare_for_comparison.R)
[1] "alpine/alpine_genemodels.rds"
> print(biasmodels)  ## bias model object (output of alpine_fitbiasmodel.R)
[1] "alpine/alpine_fitbiasmodel.rds"
> print(ncores)  ## number of cores for parallel computations
[1] 1
> print(outdir)  ## output directory
[1] "alpine_out"
> print(checkdir)  ## directory to write (empty) rds files (time stamps)
[1] "alpine_check"
> 
> suppressPackageStartupMessages(library(dplyr))
> suppressPackageStartupMessages(library(alpine))
> suppressPackageStartupMessages(library(GenomicAlignments))
> suppressPackageStartupMessages(library(BSgenome.Hsapiens.NCBI.GRCh38))
> suppressPackageStartupMessages(library(ggplot2))
> suppressPackageStartupMessages(library(cowplot))
> suppressPackageStartupMessages(library(ggrepel))
> suppressPackageStartupMessages(library(parallel))
> suppressPackageStartupMessages(library(grid))
> suppressPackageStartupMessages(library(gridExtra))
> 
> source("Rscripts/plot_tracks.R")
> 
> calc_prop_p <- function(coverage, uniqreads, tot_coverage, tot_reads) {
+   sapply(seq_along(coverage), function(i) {
+     prop.test(x = c(coverage[i], uniqreads[i]), n = c(tot_coverage[i], tot_reads[i]),
+               alternative = "two.sided")$p.value
+   })
+ }
> 
> ## Read gene models for Gviz plot (pregenerated from gtf to save time) and
> ## Salmon quantifications
> genemodels <- readRDS(genemodels)
> 
> ## Read bias model parameters and exon-by-transcript objects
> biasmodels <- readRDS(biasmodels)
> fitpar <- biasmodels$fitpar
> ebt0 <- biasmodels$ebt0
> txps <- biasmodels$txps
> 
> ## Estimate average fragment length
> avefraglength <- sum(fitpar$`1`$fraglen.density$x * fitpar$`1`$fraglen.density$y/
+                        sum(fitpar$`1`$fraglen.density$y))
> 
> ## Load bam file 
> bam.files <- bam
> names(bam.files) <- "1"
> 
> ## Determine which gene(s) to investigate
> if (file.exists(gene)) {
+   genes <- unlist(read.delim(gene, as.is = TRUE, header = FALSE))
+ } else {
+   genes <- gene
+ }
> 
> ## Investigate each gene
> mclapply(genes, function(currgene) {
+   ## Get transcripts for gene of interest
+   txlist <- names(subset(txps, gene_id == currgene))
+   names(txlist) <- txlist
+ 
+     if (length(txlist) > 0) {
+     
+     ## Predict coverage for each transcript
+     pred.cov <- lapply(txlist, function(tx) {
+       message(tx)
+       ## Get transcript model
+       txmod <- ebt0[[tx]]
+       
+       pc <- tryCatch({
+         m <- predictCoverage(gene = txmod,
+                              bam.files = bam.files,
+                              fitpar = fitpar,
+                              genome = Hsapiens,
+                              model.names = "all")
+         ## Scale predicted coverage to agree with Salmon's estimated count
+         m$`1`$pred.cov$all <- m$`1`$pred.cov$all/sum(m$`1`$pred.cov$all) * 
+           genemodels$quantsf$NumReads[genemodels$quantsf$Name == tx] * avefraglength
+         m
+       }, error = function(e) NULL)
+       pc
+     })
+     
+     junctionlist <- lapply(txlist, function(tx) {
+       txmod <- sort(ebt0[[tx]])
+       junctions <- GenomicRanges::setdiff(range(txmod), txmod)
+       if (all(strand(txmod) == "+")) {
+         junctionpos <- cumsum(width(txmod))
+         junctionpos <- junctionpos[-length(junctionpos)]
+         junctioncov <- as.numeric(pred.cov[[tx]]$"1"$pred.cov$all)[junctionpos]
+       } else if (all(strand(txmod) == "-")) {
+         junctionpos <- cumsum(width(rev(txmod)))
+         junctionpos <- junctionpos[-length(junctionpos)]
+         junctioncov <- as.numeric(pred.cov[[tx]]$"1"$pred.cov$all)[junctionpos]
+         junctioncov <- rev(junctioncov)
+       } else {
+         stop("Unknown or mixed strand")
+       }
+       mcols(junctions)$coverage <- junctioncov
+       junctions
+     })
+     
+     
+     jl <- do.call(rbind, lapply(junctionlist, as.data.frame)) %>% 
+       dplyr::group_by(seqnames, start, end, width, strand) %>%
+       dplyr::summarize(coverage = sum(coverage, na.rm = TRUE)) %>% ungroup() %>%
+       dplyr::mutate(coverage = replace(coverage, is.na(coverage), 0))
+     
+     jl <- dplyr::left_join(jl, genemodels$jcov) %>%
+       dplyr::mutate(uniqreads = replace(uniqreads, is.na(uniqreads), 0),
+                     mmreads = replace(mmreads, is.na(mmreads), 0)) %>%
+       dplyr::mutate(scaledcoverage = coverage/sum(coverage, na.rm = TRUE) * sum(uniqreads, na.rm = TRUE)) %>%
+       dplyr::mutate(tot_coverage = sum(coverage, na.rm = TRUE),
+                     tot_reads = sum(uniqreads, na.rm = TRUE)) %>%
+       dplyr::mutate(prop_pval = calc_prop_p(coverage, uniqreads, tot_coverage, tot_reads)) %>%
+       dplyr::mutate(junctionid = paste0("J", seq_len(length(scaledcoverage)))) %>% 
+       dplyr::mutate(difference = uniqreads - scaledcoverage) %>%
+       dplyr::mutate(ranking = order(order(difference))) %>%
+       dplyr::select(junctionid, everything())
+     
+     pdf(paste0(outdir, "/", currgene, ".pdf"), width = 12, height = 10)
+     tryCatch({
+       plot_tracks(mygene = currgene, genemodels = genemodels$genemodels_exon, 
+                   genemodels2 = genemodels$genemodels_cds, 
+                   gtf_file = NULL, rnaseq_datafiles = structure(bigwig, names = "s1"), 
+                   rnaseq_condition = structure("g1", names = "s1"), show_chr = NULL, 
+                   min_coord = NULL, max_coord = NULL, 
+                   pdf_filename = NULL, pdf_width = 7, pdf_height = 7)
+     }, error = function(e) message(e))
+     
+     grid.newpage()
+     grid.table(genemodels$quantsf %>% dplyr::filter(Name %in% txlist))
+     
+     grid.newpage()
+     grid.table(jl %>% dplyr::select(junctionid, seqnames, start, end, width, strand, 
+                                     uniqreads, mmreads, scaledcoverage, prop_pval))
+     
+     print(ggplot(jl, aes(x = scaledcoverage, y = uniqreads, label = junctionid)) + 
+             geom_point(size = 4) + geom_label_repel() + 
+             geom_abline(intercept = 0, slope = 1) + 
+             ggtitle(paste0("score = ", round(sum(abs(jl$uniqreads - jl$scaledcoverage), 
+                                                  na.rm = TRUE)/sum(jl$uniqreads, na.rm = TRUE), 2))) + 
+             xlab("Scaled predicted coverage") + ylab("Number of uniquely mapped reads"))
+     dev.off()
+     
+     write.table(jl %>%
+                   dplyr::mutate(coverage = round(coverage, 2),
+                                 scaledcoverage = round(scaledcoverage, 2),
+                                 difference = round(difference, 2)), 
+                 file = paste0(outdir, "/", gene, ".txt"),
+                 quote = FALSE, row.names = FALSE, col.names = TRUE, sep = "\t")
+     print(as.data.frame(jl))
+     
+     saveRDS(NULL, paste0(checkdir, "/", currgene, ".rds"))
+   }
+ }, mc.preschedule = FALSE, mc.cores = ncores)
ENST00000313669
ENST00000613501
ENST00000613091
Joining, by = c("seqnames", "start", "end", "strand")
   junctionid seqnames     start       end width strand   coverage uniqreads
1          J1        7 101363191 101419976 56786      +   5.785032         2
2          J2        7 101420100 101447683 27584      +  44.106461        24
3          J3        7 101420100 101447689 27590      +  28.606774        19
4          J4        7 101447788 101533081 85294      + 105.861249        82
5          J5        7 101533144 101539892  6749      +  77.479510        44
6          J6        7 101540050 101543997  3948      +   7.650217         6
7          J7        7 101544097 101545337  1241      +   4.272352         0
8          J8        7 101545491 101547155  1665      +  22.784327        14
9          J9        7 101547240 101549170  1931      +  23.583253         4
10        J10        7 101549224 101551107  1884      +  38.536442        12
11        J11        7 101551144 101553325  2182      +  47.950415        24
12        J12        7 101553377 101555786  2410      +  88.348289        46
13        J13        7 101555872 101557369  1498      + 104.545390        59
   mmreads scaledcoverage tot_coverage tot_reads  prop_pval difference ranking
1        0       3.242268     599.5097       336 0.82421911 -1.2422676       6
2        0      24.719818     599.5097       336 1.00000000 -0.7198182       7
3        0      16.032895     599.5097       336 0.66387460  2.9671052      12
4        0      59.330781     599.5097       336 0.01702243 22.6692187      13
5        0      43.424010     599.5097       336 1.00000000  0.5759904       9
6        0       4.287625     599.5097       336 0.73423631  1.7123748      11
7        0       2.394474     599.5097       336 0.29575380 -2.3944739       5
8        0      12.769658     599.5097       336 0.91943817  1.2303419      10
9        0      13.217422     599.5097       336 0.02938936 -9.2174222       2
10       0      21.598056     599.5097       336 0.08847112 -9.5980561       1
11       0      26.874192     599.5097       336 0.73144105 -2.8741924       4
12       0      49.515503     599.5097       336 0.73338539 -3.5155031       3
13       0      58.593298     599.5097       336 1.00000000  0.4067023       8
[[1]]
NULL

> 
> saveRDS(NULL, paste0(checkdir, "/", gene, ".rds"))
> sessionInfo()
R version 3.4.0 (2017-04-21)
Platform: x86_64-pc-linux-gnu (64-bit)
Running under: Ubuntu 14.04.5 LTS

Matrix products: default
BLAS: /usr/local/R/R-3.4.0/lib/libRblas.so
LAPACK: /usr/local/R/R-3.4.0/lib/libRlapack.so

locale:
 [1] LC_CTYPE=en_CA.UTF-8       LC_NUMERIC=C              
 [3] LC_TIME=en_CA.UTF-8        LC_COLLATE=en_CA.UTF-8    
 [5] LC_MONETARY=en_CA.UTF-8    LC_MESSAGES=en_CA.UTF-8   
 [7] LC_PAPER=en_CA.UTF-8       LC_NAME=C                 
 [9] LC_ADDRESS=C               LC_TELEPHONE=C            
[11] LC_MEASUREMENT=en_CA.UTF-8 LC_IDENTIFICATION=C       

attached base packages:
 [1] grid      stats4    parallel  stats     graphics  grDevices utils    
 [8] datasets  methods   base     

other attached packages:
 [1] Gviz_1.20.0                           
 [2] gridExtra_2.3                         
 [3] ggrepel_0.7.0                         
 [4] cowplot_0.8.0                         
 [5] ggplot2_2.2.1                         
 [6] BSgenome.Hsapiens.NCBI.GRCh38_1.3.1000
 [7] BSgenome_1.44.2                       
 [8] rtracklayer_1.36.4                    
 [9] GenomicAlignments_1.12.2              
[10] Rsamtools_1.28.0                      
[11] Biostrings_2.44.2                     
[12] XVector_0.16.0                        
[13] SummarizedExperiment_1.6.5            
[14] DelayedArray_0.2.7                    
[15] matrixStats_0.52.2                    
[16] Biobase_2.36.2                        
[17] GenomicRanges_1.28.5                  
[18] GenomeInfoDb_1.12.2                   
[19] IRanges_2.10.3                        
[20] S4Vectors_0.14.5                      
[21] BiocGenerics_0.22.0                   
[22] alpine_1.2.0                          
[23] dplyr_0.7.4                           

loaded via a namespace (and not attached):
 [1] ProtGenerics_1.8.0            bitops_1.0-6                 
 [3] bit64_0.9-7                   RColorBrewer_1.1-2           
 [5] httr_1.3.1                    tools_3.4.0                  
 [7] backports_1.1.1               R6_2.2.2                     
 [9] rpart_4.1-11                  Hmisc_4.0-3                  
[11] DBI_0.7                       lazyeval_0.2.0               
[13] colorspace_1.3-2              nnet_7.3-12                  
[15] curl_2.8.1                    bit_1.1-12                   
[17] compiler_3.4.0                graph_1.54.0                 
[19] htmlTable_1.9                 scales_0.5.0                 
[21] checkmate_1.8.4               RBGL_1.52.0                  
[23] speedglm_0.3-2                stringr_1.2.0                
[25] digest_0.6.12                 foreign_0.8-69               
[27] base64enc_0.1-3               dichromat_2.0-0              
[29] pkgconfig_2.0.1               htmltools_0.3.6              
[31] ensembldb_2.0.4               htmlwidgets_0.9              
[33] rlang_0.1.2                   RSQLite_2.0                  
[35] BiocInstaller_1.26.1          shiny_1.0.5                  
[37] bindr_0.1                     BiocParallel_1.10.1          
[39] acepack_1.4.1                 VariantAnnotation_1.22.3     
[41] RCurl_1.95-4.8                magrittr_1.5                 
[43] GenomeInfoDbData_0.99.0       Formula_1.2-2                
[45] Matrix_1.2-11                 Rcpp_0.12.13                 
[47] munsell_0.4.3                 stringi_1.1.5                
[49] yaml_2.1.14                   MASS_7.3-47                  
[51] zlibbioc_1.22.0               plyr_1.8.4                   
[53] AnnotationHub_2.8.2           blob_1.1.0                   
[55] lattice_0.20-35               splines_3.4.0                
[57] GenomicFeatures_1.28.5        knitr_1.17                   
[59] biomaRt_2.32.1                XML_3.98-1.9                 
[61] glue_1.1.1                    biovizBase_1.24.0            
[63] latticeExtra_0.6-28           data.table_1.10.4            
[65] httpuv_1.3.5                  gtable_0.2.0                 
[67] assertthat_0.2.0              mime_0.5                     
[69] xtable_1.8-2                  AnnotationFilter_1.0.0       
[71] survival_2.41-3               tibble_1.3.4                 
[73] AnnotationDbi_1.38.2          memoise_1.1.0                
[75] bindrcpp_0.2                  cluster_2.0.6                
[77] interactiveDisplayBase_1.14.0
> date()
[1] "Thu Nov  2 16:13:52 2017"
> 
> 
> proc.time()
   user  system elapsed 
 55.730   5.330 230.791 
