
R version 3.4.0 (2017-04-21) -- "You Stupid Darkness"
Copyright (C) 2017 The R Foundation for Statistical Computing
Platform: x86_64-pc-linux-gnu (64-bit)

R is free software and comes with ABSOLUTELY NO WARRANTY.
You are welcome to redistribute it under certain conditions.
Type 'license()' or 'licence()' for distribution details.

  Natural language support but running in an English locale

R is a collaborative project with many contributors.
Type 'contributors()' for more information and
'citation()' on how to cite R or R packages in publications.

Type 'demo()' for some demos, 'help()' for on-line help, or
'help.start()' for an HTML browser interface to help.
Type 'q()' to quit R.

> args <- (commandArgs(trailingOnly = TRUE))
> for (i in 1:length(args)) {
+   eval(parse(text = args[[i]]))
+ }
> 
> print(gene)  ## gene of interest, or file listing collection of genes (one per row)
[1] "ENSG00000073060"
> print(bam)  ## bam file
[1] "STAR/20151016.A-Cortex_RNA/20151016.A-Cortex_RNA_Aligned.sortedByCoord.out.bam"
> print(bigwig)  ## bigwig file for visualization
[1] "STARbigwig/20151016.A-Cortex_RNA_Aligned.sortedByCoord.out.bw"
> print(genemodels)  ## gene models etc (output of alpine_prepare_for_comparison.R)
[1] "alpine/alpine_genemodels.rds"
> print(biasmodels)  ## bias model object (output of alpine_fitbiasmodel.R)
[1] "alpine/alpine_fitbiasmodel.rds"
> print(ncores)  ## number of cores for parallel computations
[1] 1
> print(outdir)  ## output directory
[1] "alpine_out"
> print(checkdir)  ## directory to write (empty) rds files (time stamps)
[1] "alpine_check"
> 
> suppressPackageStartupMessages(library(dplyr))
> suppressPackageStartupMessages(library(alpine))
> suppressPackageStartupMessages(library(GenomicAlignments))
> suppressPackageStartupMessages(library(BSgenome.Hsapiens.NCBI.GRCh38))
> suppressPackageStartupMessages(library(ggplot2))
> suppressPackageStartupMessages(library(cowplot))
> suppressPackageStartupMessages(library(ggrepel))
> suppressPackageStartupMessages(library(parallel))
> suppressPackageStartupMessages(library(grid))
> suppressPackageStartupMessages(library(gridExtra))
> 
> source("Rscripts/plot_tracks.R")
> 
> calc_prop_p <- function(coverage, uniqreads, tot_coverage, tot_reads) {
+   sapply(seq_along(coverage), function(i) {
+     prop.test(x = c(coverage[i], uniqreads[i]), n = c(tot_coverage[i], tot_reads[i]),
+               alternative = "two.sided")$p.value
+   })
+ }
> 
> ## Read gene models for Gviz plot (pregenerated from gtf to save time) and
> ## Salmon quantifications
> genemodels <- readRDS(genemodels)
> 
> ## Read bias model parameters and exon-by-transcript objects
> biasmodels <- readRDS(biasmodels)
> fitpar <- biasmodels$fitpar
> ebt0 <- biasmodels$ebt0
> txps <- biasmodels$txps
> 
> ## Estimate average fragment length
> avefraglength <- sum(fitpar$`1`$fraglen.density$x * fitpar$`1`$fraglen.density$y/
+                        sum(fitpar$`1`$fraglen.density$y))
> 
> ## Load bam file 
> bam.files <- bam
> names(bam.files) <- "1"
> 
> ## Determine which gene(s) to investigate
> if (file.exists(gene)) {
+   genes <- unlist(read.delim(gene, as.is = TRUE, header = FALSE))
+ } else {
+   genes <- gene
+ }
> 
> ## Investigate each gene
> mclapply(genes, function(currgene) {
+   ## Get transcripts for gene of interest
+   txlist <- names(subset(txps, gene_id == currgene))
+   names(txlist) <- txlist
+ 
+     if (length(txlist) > 0) {
+     
+     ## Predict coverage for each transcript
+     pred.cov <- lapply(txlist, function(tx) {
+       message(tx)
+       ## Get transcript model
+       txmod <- ebt0[[tx]]
+       
+       pc <- tryCatch({
+         m <- predictCoverage(gene = txmod,
+                              bam.files = bam.files,
+                              fitpar = fitpar,
+                              genome = Hsapiens,
+                              model.names = "all")
+         ## Scale predicted coverage to agree with Salmon's estimated count
+         m$`1`$pred.cov$all <- m$`1`$pred.cov$all/sum(m$`1`$pred.cov$all) * 
+           genemodels$quantsf$NumReads[genemodels$quantsf$Name == tx] * avefraglength
+         m
+       }, error = function(e) NULL)
+       pc
+     })
+     
+     junctionlist <- lapply(txlist, function(tx) {
+       txmod <- sort(ebt0[[tx]])
+       junctions <- GenomicRanges::setdiff(range(txmod), txmod)
+       if (all(strand(txmod) == "+")) {
+         junctionpos <- cumsum(width(txmod))
+         junctionpos <- junctionpos[-length(junctionpos)]
+         junctioncov <- as.numeric(pred.cov[[tx]]$"1"$pred.cov$all)[junctionpos]
+       } else if (all(strand(txmod) == "-")) {
+         junctionpos <- cumsum(width(rev(txmod)))
+         junctionpos <- junctionpos[-length(junctionpos)]
+         junctioncov <- as.numeric(pred.cov[[tx]]$"1"$pred.cov$all)[junctionpos]
+         junctioncov <- rev(junctioncov)
+       } else {
+         stop("Unknown or mixed strand")
+       }
+       mcols(junctions)$coverage <- junctioncov
+       junctions
+     })
+     
+     
+     jl <- do.call(rbind, lapply(junctionlist, as.data.frame)) %>% 
+       dplyr::group_by(seqnames, start, end, width, strand) %>%
+       dplyr::summarize(coverage = sum(coverage, na.rm = TRUE)) %>% ungroup() %>%
+       dplyr::mutate(coverage = replace(coverage, is.na(coverage), 0))
+     
+     jl <- dplyr::left_join(jl, genemodels$jcov) %>%
+       dplyr::mutate(uniqreads = replace(uniqreads, is.na(uniqreads), 0),
+                     mmreads = replace(mmreads, is.na(mmreads), 0)) %>%
+       dplyr::mutate(scaledcoverage = coverage/sum(coverage, na.rm = TRUE) * sum(uniqreads, na.rm = TRUE)) %>%
+       dplyr::mutate(tot_coverage = sum(coverage, na.rm = TRUE),
+                     tot_reads = sum(uniqreads, na.rm = TRUE)) %>%
+       dplyr::mutate(prop_pval = calc_prop_p(coverage, uniqreads, tot_coverage, tot_reads)) %>%
+       dplyr::mutate(junctionid = paste0("J", seq_len(length(scaledcoverage)))) %>% 
+       dplyr::mutate(difference = uniqreads - scaledcoverage) %>%
+       dplyr::mutate(ranking = order(order(difference))) %>%
+       dplyr::select(junctionid, everything())
+     
+     pdf(paste0(outdir, "/", currgene, ".pdf"), width = 12, height = 10)
+     tryCatch({
+       plot_tracks(mygene = currgene, genemodels = genemodels$genemodels_exon, 
+                   genemodels2 = genemodels$genemodels_cds, 
+                   gtf_file = NULL, rnaseq_datafiles = structure(bigwig, names = "s1"), 
+                   rnaseq_condition = structure("g1", names = "s1"), show_chr = NULL, 
+                   min_coord = NULL, max_coord = NULL, 
+                   pdf_filename = NULL, pdf_width = 7, pdf_height = 7)
+     }, error = function(e) message(e))
+     
+     grid.newpage()
+     grid.table(genemodels$quantsf %>% dplyr::filter(Name %in% txlist))
+     
+     grid.newpage()
+     grid.table(jl %>% dplyr::select(junctionid, seqnames, start, end, width, strand, 
+                                     uniqreads, mmreads, scaledcoverage, prop_pval))
+     
+     print(ggplot(jl, aes(x = scaledcoverage, y = uniqreads, label = junctionid)) + 
+             geom_point(size = 4) + geom_label_repel() + 
+             geom_abline(intercept = 0, slope = 1) + 
+             ggtitle(paste0("score = ", round(sum(abs(jl$uniqreads - jl$scaledcoverage), 
+                                                  na.rm = TRUE)/sum(jl$uniqreads, na.rm = TRUE), 2))) + 
+             xlab("Scaled predicted coverage") + ylab("Number of uniquely mapped reads"))
+     dev.off()
+     
+     write.table(jl %>%
+                   dplyr::mutate(coverage = round(coverage, 2),
+                                 scaledcoverage = round(scaledcoverage, 2),
+                                 difference = round(difference, 2)), 
+                 file = paste0(outdir, "/", gene, ".txt"),
+                 quote = FALSE, row.names = FALSE, col.names = TRUE, sep = "\t")
+     print(as.data.frame(jl))
+     
+     saveRDS(NULL, paste0(checkdir, "/", currgene, ".rds"))
+   }
+ }, mc.preschedule = FALSE, mc.cores = ncores)
ENST00000339570
ENST00000415380
ENST00000261693
ENST00000545305
ENST00000538291
ENST00000546215
ENST00000535005
ENST00000544327
ENST00000545493
ENST00000541661
ENST00000539320
Joining, by = c("seqnames", "start", "end", "strand")
   junctionid seqnames     start       end width strand    coverage uniqreads
1          J1       12 124778587 124782682  4096      -  34.1106106         3
2          J2       12 124778587 124786106  7520      -   4.3099172         0
3          J3       12 124778587 124786356  7770      -   8.8709501        17
4          J4       12 124782812 124786356  3545      -  93.6294143        20
5          J5       12 124782812 124786440  3629      -   0.0000000         0
6          J6       12 124786504 124787405   902      - 191.8639558       132
7          J7       12 124787458 124795194  7737      - 213.4319860       158
8          J8       12 124795269 124800123  4855      - 185.8374597       168
9          J9       12 124800243 124807760  7518      - 201.5409732       201
10        J10       12 124807928 124810173  2246      - 271.9516536       221
11        J11       12 124810290 124811869  1580      - 292.3627122       275
12        J12       12 124811966 124814201  2236      - 243.8944906       255
13        J13       12 124814406 124814972   567      - 222.7043651       139
14        J14       12 124815115 124817549  2435      - 151.4420194       108
15        J15       12 124817708 124862379 44672      -   2.5525504         2
16        J16       12 124817708 124863594 45887      -  44.7252354        62
17        J17       12 124817708 124866988 49281      -   1.5144330         0
18        J18       12 124817708 124882501 64794      -   0.0000000         0
19        J19       12 124862498 124863594  1097      -   0.9968177         0
20        J20       12 124867138 124880169 13032      -   1.1739993         0
   mmreads scaledcoverage tot_coverage tot_reads    prop_pval    difference
1        0     27.7208961     2166.914      1761 1.318067e-05 -24.720896093
2        0      3.5025690     2166.914      1761 1.651382e-01  -3.502569029
3        0      7.2092139     2166.914      1761 5.189326e-02   9.790786121
4        0     76.0904370     2166.914      1761 5.625552e-09 -56.090437016
5        2      0.0000000     2166.914      1761          NaN   0.000000000
6        2    155.9233533     2166.914      1761 1.385708e-01 -23.923353344
7        2    173.4511875     2166.914      1761 3.789705e-01 -15.451187522
8        2    151.0257608     2166.914      1761 3.205449e-01  16.974239174
9        0    163.7876392     2166.914      1761 3.410604e-02  37.212360754
10       0    221.0087539     2166.914      1761 1.000000e+00  -0.008753898
11       0    237.5963442     2166.914      1761 6.612361e-02  37.403655804
12       0    198.2073531     2166.914      1761 2.972582e-03  56.792646859
13       0    180.9866333     2166.914      1761 1.191549e-02 -41.986633302
14       0    123.0733902     2166.914      1761 3.126987e-01 -15.073390228
15       0      2.0743980     2166.914      1761 1.000000e+00  -0.074398023
16       4     36.3471537     2166.914      1761 7.059277e-03  25.652846343
17       0      1.2307443     2166.914      1761 7.699235e-01  -1.230744340
18       0      0.0000000     2166.914      1761          NaN   0.000000000
19       0      0.8100904     2166.914      1761 1.000000e+00  -0.810090426
20       0      0.9540818     2166.914      1761 9.610100e-01  -0.954081835
   ranking
1        3
2        7
3       15
4        1
5       13
6        4
7        5
8       16
9       18
10      12
11      19
12      20
13       2
14       6
15      11
16      17
17       8
18      14
19      10
20       9
[[1]]
NULL

> 
> saveRDS(NULL, paste0(checkdir, "/", gene, ".rds"))
> sessionInfo()
R version 3.4.0 (2017-04-21)
Platform: x86_64-pc-linux-gnu (64-bit)
Running under: Ubuntu 14.04.5 LTS

Matrix products: default
BLAS: /usr/local/R/R-3.4.0/lib/libRblas.so
LAPACK: /usr/local/R/R-3.4.0/lib/libRlapack.so

locale:
 [1] LC_CTYPE=en_CA.UTF-8       LC_NUMERIC=C              
 [3] LC_TIME=en_CA.UTF-8        LC_COLLATE=en_CA.UTF-8    
 [5] LC_MONETARY=en_CA.UTF-8    LC_MESSAGES=en_CA.UTF-8   
 [7] LC_PAPER=en_CA.UTF-8       LC_NAME=C                 
 [9] LC_ADDRESS=C               LC_TELEPHONE=C            
[11] LC_MEASUREMENT=en_CA.UTF-8 LC_IDENTIFICATION=C       

attached base packages:
 [1] grid      stats4    parallel  stats     graphics  grDevices utils    
 [8] datasets  methods   base     

other attached packages:
 [1] Gviz_1.20.0                           
 [2] gridExtra_2.3                         
 [3] ggrepel_0.7.0                         
 [4] cowplot_0.8.0                         
 [5] ggplot2_2.2.1                         
 [6] BSgenome.Hsapiens.NCBI.GRCh38_1.3.1000
 [7] BSgenome_1.44.2                       
 [8] rtracklayer_1.36.4                    
 [9] GenomicAlignments_1.12.2              
[10] Rsamtools_1.28.0                      
[11] Biostrings_2.44.2                     
[12] XVector_0.16.0                        
[13] SummarizedExperiment_1.6.5            
[14] DelayedArray_0.2.7                    
[15] matrixStats_0.52.2                    
[16] Biobase_2.36.2                        
[17] GenomicRanges_1.28.5                  
[18] GenomeInfoDb_1.12.2                   
[19] IRanges_2.10.3                        
[20] S4Vectors_0.14.5                      
[21] BiocGenerics_0.22.0                   
[22] alpine_1.2.0                          
[23] dplyr_0.7.4                           

loaded via a namespace (and not attached):
 [1] ProtGenerics_1.8.0            bitops_1.0-6                 
 [3] bit64_0.9-7                   RColorBrewer_1.1-2           
 [5] httr_1.3.1                    tools_3.4.0                  
 [7] backports_1.1.1               R6_2.2.2                     
 [9] rpart_4.1-11                  Hmisc_4.0-3                  
[11] DBI_0.7                       lazyeval_0.2.0               
[13] colorspace_1.3-2              nnet_7.3-12                  
[15] curl_2.8.1                    bit_1.1-12                   
[17] compiler_3.4.0                graph_1.54.0                 
[19] htmlTable_1.9                 scales_0.5.0                 
[21] checkmate_1.8.4               RBGL_1.52.0                  
[23] speedglm_0.3-2                stringr_1.2.0                
[25] digest_0.6.12                 foreign_0.8-69               
[27] base64enc_0.1-3               dichromat_2.0-0              
[29] pkgconfig_2.0.1               htmltools_0.3.6              
[31] ensembldb_2.0.4               htmlwidgets_0.9              
[33] rlang_0.1.2                   RSQLite_2.0                  
[35] BiocInstaller_1.26.1          shiny_1.0.5                  
[37] bindr_0.1                     BiocParallel_1.10.1          
[39] acepack_1.4.1                 VariantAnnotation_1.22.3     
[41] RCurl_1.95-4.8                magrittr_1.5                 
[43] GenomeInfoDbData_0.99.0       Formula_1.2-2                
[45] Matrix_1.2-11                 Rcpp_0.12.13                 
[47] munsell_0.4.3                 stringi_1.1.5                
[49] yaml_2.1.14                   MASS_7.3-47                  
[51] zlibbioc_1.22.0               plyr_1.8.4                   
[53] AnnotationHub_2.8.2           blob_1.1.0                   
[55] lattice_0.20-35               splines_3.4.0                
[57] GenomicFeatures_1.28.5        knitr_1.17                   
[59] biomaRt_2.32.1                XML_3.98-1.9                 
[61] glue_1.1.1                    biovizBase_1.24.0            
[63] latticeExtra_0.6-28           data.table_1.10.4            
[65] httpuv_1.3.5                  gtable_0.2.0                 
[67] assertthat_0.2.0              mime_0.5                     
[69] xtable_1.8-2                  AnnotationFilter_1.0.0       
[71] survival_2.41-3               tibble_1.3.4                 
[73] AnnotationDbi_1.38.2          memoise_1.1.0                
[75] bindrcpp_0.2                  cluster_2.0.6                
[77] interactiveDisplayBase_1.14.0
> date()
[1] "Thu Nov  2 14:00:52 2017"
> 
> 
> proc.time()
   user  system elapsed 
 68.130  23.459 344.790 
