
R version 3.4.0 (2017-04-21) -- "You Stupid Darkness"
Copyright (C) 2017 The R Foundation for Statistical Computing
Platform: x86_64-pc-linux-gnu (64-bit)

R is free software and comes with ABSOLUTELY NO WARRANTY.
You are welcome to redistribute it under certain conditions.
Type 'license()' or 'licence()' for distribution details.

  Natural language support but running in an English locale

R is a collaborative project with many contributors.
Type 'contributors()' for more information and
'citation()' on how to cite R or R packages in publications.

Type 'demo()' for some demos, 'help()' for on-line help, or
'help.start()' for an HTML browser interface to help.
Type 'q()' to quit R.

> args <- (commandArgs(trailingOnly = TRUE))
> for (i in 1:length(args)) {
+   eval(parse(text = args[[i]]))
+ }
> 
> print(gene)  ## gene of interest, or file listing collection of genes (one per row)
[1] "ENSG00000065923"
> print(bam)  ## bam file
[1] "STAR/20151016.A-Cortex_RNA/20151016.A-Cortex_RNA_Aligned.sortedByCoord.out.bam"
> print(bigwig)  ## bigwig file for visualization
[1] "STARbigwig/20151016.A-Cortex_RNA_Aligned.sortedByCoord.out.bw"
> print(genemodels)  ## gene models etc (output of alpine_prepare_for_comparison.R)
[1] "alpine/alpine_genemodels.rds"
> print(biasmodels)  ## bias model object (output of alpine_fitbiasmodel.R)
[1] "alpine/alpine_fitbiasmodel.rds"
> print(ncores)  ## number of cores for parallel computations
[1] 1
> print(outdir)  ## output directory
[1] "alpine_out"
> print(checkdir)  ## directory to write (empty) rds files (time stamps)
[1] "alpine_check"
> 
> suppressPackageStartupMessages(library(dplyr))
> suppressPackageStartupMessages(library(alpine))
> suppressPackageStartupMessages(library(GenomicAlignments))
> suppressPackageStartupMessages(library(BSgenome.Hsapiens.NCBI.GRCh38))
> suppressPackageStartupMessages(library(ggplot2))
> suppressPackageStartupMessages(library(cowplot))
> suppressPackageStartupMessages(library(ggrepel))
> suppressPackageStartupMessages(library(parallel))
> suppressPackageStartupMessages(library(grid))
> suppressPackageStartupMessages(library(gridExtra))
> 
> source("Rscripts/plot_tracks.R")
> 
> calc_prop_p <- function(coverage, uniqreads, tot_coverage, tot_reads) {
+   sapply(seq_along(coverage), function(i) {
+     prop.test(x = c(coverage[i], uniqreads[i]), n = c(tot_coverage[i], tot_reads[i]),
+               alternative = "two.sided")$p.value
+   })
+ }
> 
> ## Read gene models for Gviz plot (pregenerated from gtf to save time) and
> ## Salmon quantifications
> genemodels <- readRDS(genemodels)
> 
> ## Read bias model parameters and exon-by-transcript objects
> biasmodels <- readRDS(biasmodels)
> fitpar <- biasmodels$fitpar
> ebt0 <- biasmodels$ebt0
> txps <- biasmodels$txps
> 
> ## Estimate average fragment length
> avefraglength <- sum(fitpar$`1`$fraglen.density$x * fitpar$`1`$fraglen.density$y/
+                        sum(fitpar$`1`$fraglen.density$y))
> 
> ## Load bam file 
> bam.files <- bam
> names(bam.files) <- "1"
> 
> ## Determine which gene(s) to investigate
> if (file.exists(gene)) {
+   genes <- unlist(read.delim(gene, as.is = TRUE, header = FALSE))
+ } else {
+   genes <- gene
+ }
> 
> ## Investigate each gene
> mclapply(genes, function(currgene) {
+   ## Get transcripts for gene of interest
+   txlist <- names(subset(txps, gene_id == currgene))
+   names(txlist) <- txlist
+ 
+     if (length(txlist) > 0) {
+     
+     ## Predict coverage for each transcript
+     pred.cov <- lapply(txlist, function(tx) {
+       message(tx)
+       ## Get transcript model
+       txmod <- ebt0[[tx]]
+       
+       pc <- tryCatch({
+         m <- predictCoverage(gene = txmod,
+                              bam.files = bam.files,
+                              fitpar = fitpar,
+                              genome = Hsapiens,
+                              model.names = "all")
+         ## Scale predicted coverage to agree with Salmon's estimated count
+         m$`1`$pred.cov$all <- m$`1`$pred.cov$all/sum(m$`1`$pred.cov$all) * 
+           genemodels$quantsf$NumReads[genemodels$quantsf$Name == tx] * avefraglength
+         m
+       }, error = function(e) NULL)
+       pc
+     })
+     
+     junctionlist <- lapply(txlist, function(tx) {
+       txmod <- sort(ebt0[[tx]])
+       junctions <- GenomicRanges::setdiff(range(txmod), txmod)
+       if (all(strand(txmod) == "+")) {
+         junctionpos <- cumsum(width(txmod))
+         junctionpos <- junctionpos[-length(junctionpos)]
+         junctioncov <- as.numeric(pred.cov[[tx]]$"1"$pred.cov$all)[junctionpos]
+       } else if (all(strand(txmod) == "-")) {
+         junctionpos <- cumsum(width(rev(txmod)))
+         junctionpos <- junctionpos[-length(junctionpos)]
+         junctioncov <- as.numeric(pred.cov[[tx]]$"1"$pred.cov$all)[junctionpos]
+         junctioncov <- rev(junctioncov)
+       } else {
+         stop("Unknown or mixed strand")
+       }
+       mcols(junctions)$coverage <- junctioncov
+       junctions
+     })
+     
+     
+     jl <- do.call(rbind, lapply(junctionlist, as.data.frame)) %>% 
+       dplyr::group_by(seqnames, start, end, width, strand) %>%
+       dplyr::summarize(coverage = sum(coverage, na.rm = TRUE)) %>% ungroup() %>%
+       dplyr::mutate(coverage = replace(coverage, is.na(coverage), 0))
+     
+     jl <- dplyr::left_join(jl, genemodels$jcov) %>%
+       dplyr::mutate(uniqreads = replace(uniqreads, is.na(uniqreads), 0),
+                     mmreads = replace(mmreads, is.na(mmreads), 0)) %>%
+       dplyr::mutate(scaledcoverage = coverage/sum(coverage, na.rm = TRUE) * sum(uniqreads, na.rm = TRUE)) %>%
+       dplyr::mutate(tot_coverage = sum(coverage, na.rm = TRUE),
+                     tot_reads = sum(uniqreads, na.rm = TRUE)) %>%
+       dplyr::mutate(prop_pval = calc_prop_p(coverage, uniqreads, tot_coverage, tot_reads)) %>%
+       dplyr::mutate(junctionid = paste0("J", seq_len(length(scaledcoverage)))) %>% 
+       dplyr::mutate(difference = uniqreads - scaledcoverage) %>%
+       dplyr::mutate(ranking = order(order(difference))) %>%
+       dplyr::select(junctionid, everything())
+     
+     pdf(paste0(outdir, "/", currgene, ".pdf"), width = 12, height = 10)
+     tryCatch({
+       plot_tracks(mygene = currgene, genemodels = genemodels$genemodels_exon, 
+                   genemodels2 = genemodels$genemodels_cds, 
+                   gtf_file = NULL, rnaseq_datafiles = structure(bigwig, names = "s1"), 
+                   rnaseq_condition = structure("g1", names = "s1"), show_chr = NULL, 
+                   min_coord = NULL, max_coord = NULL, 
+                   pdf_filename = NULL, pdf_width = 7, pdf_height = 7)
+     }, error = function(e) message(e))
+     
+     grid.newpage()
+     grid.table(genemodels$quantsf %>% dplyr::filter(Name %in% txlist))
+     
+     grid.newpage()
+     grid.table(jl %>% dplyr::select(junctionid, seqnames, start, end, width, strand, 
+                                     uniqreads, mmreads, scaledcoverage, prop_pval))
+     
+     print(ggplot(jl, aes(x = scaledcoverage, y = uniqreads, label = junctionid)) + 
+             geom_point(size = 4) + geom_label_repel() + 
+             geom_abline(intercept = 0, slope = 1) + 
+             ggtitle(paste0("score = ", round(sum(abs(jl$uniqreads - jl$scaledcoverage), 
+                                                  na.rm = TRUE)/sum(jl$uniqreads, na.rm = TRUE), 2))) + 
+             xlab("Scaled predicted coverage") + ylab("Number of uniquely mapped reads"))
+     dev.off()
+     
+     write.table(jl %>%
+                   dplyr::mutate(coverage = round(coverage, 2),
+                                 scaledcoverage = round(scaledcoverage, 2),
+                                 difference = round(difference, 2)), 
+                 file = paste0(outdir, "/", gene, ".txt"),
+                 quote = FALSE, row.names = FALSE, col.names = TRUE, sep = "\t")
+     print(as.data.frame(jl))
+     
+     saveRDS(NULL, paste0(checkdir, "/", currgene, ".rds"))
+   }
+ }, mc.preschedule = FALSE, mc.cores = ncores)
ENST00000616978
ENST00000328306
ENST00000464933
ENST00000491894
ENST00000489574
Joining, by = c("seqnames", "start", "end", "strand")
   junctionid seqnames    start      end width strand    coverage uniqreads
1          J1        X 46606371 46606907   537      -   0.8038660         1
2          J2        X 46606371 46606923   553      -   0.4519454         2
3          J3        X 46607183 46669606 62424      -   0.0000000         0
4          J4        X 46607204 46613288  6085      - 114.2819658        78
5          J5        X 46613395 46620976  7582      - 120.6391511        72
6          J6        X 46621060 46631585 10526      - 110.2343247        63
7          J7        X 46631650 46635588  3939      - 130.0980165         7
8          J8        X 46635649 46643235  7587      - 123.2587043         7
9          J9        X 46643390 46648685  5296      - 101.0238988        51
10        J10        X 46648798 46651109  2312      - 117.9828221        51
11        J11        X 46651224 46651315    92      - 122.0530933        54
12        J12        X 46651405 46653608  2204      - 118.0245273        56
13        J13        X 46653715 46662015  8301      - 106.3245645        54
14        J14        X 46653724 46662027  8304      -   0.0000000         0
15        J15        X 46662158 46662537   380      - 112.2257532        74
16        J16        X 46662644 46669606  6963      - 127.5744720        81
17        J17        X 46669720 46672550  2831      - 136.5084503        62
18        J18        X 46672628 46679677  7050      - 159.1528492        85
19        J19        X 46679756 46682335  2580      - 137.5818806        71
20        J20        X 46682536 46758704 76169      -  41.7464446        23
   mmreads scaledcoverage tot_coverage tot_reads    prop_pval    difference
1        0      0.3814155     1879.967       892 1.000000e+00  6.185845e-01
2        0      0.2144374     1879.967       892 3.308737e-01  1.785563e+00
3        0      0.0000000     1879.967       892          NaN  0.000000e+00
4        0     54.2241051     1879.967       892 1.240900e-02  2.377589e+01
5        0     57.2404400     1879.967       892 1.283901e-01  1.475956e+01
6        0     52.3035946     1879.967       892 2.565767e-01  1.069641e+01
7        0     61.7284492     1879.967       892 6.594774e-12 -5.472845e+01
8        0     58.4833564     1879.967       892 3.787387e-11 -5.148336e+01
9        0     47.9334641     1879.967       892 7.778635e-01  3.066536e+00
10       0     55.9800744     1879.967       892 6.248600e-01 -4.980074e+00
11       0     57.9113223     1879.967       892 7.196917e-01 -3.911322e+00
12       0     55.9998625     1879.967       892 1.000000e+00  1.375066e-04
13       0     50.4485053     1879.967       892 7.395685e-01  3.551495e+00
14       0      0.0000000     1879.967       892          NaN  0.000000e+00
15       2     53.2484806     1879.967       892 2.748771e-02  2.075152e+01
16       2     60.5310867     1879.967       892 3.915178e-02  2.046891e+01
17       0     64.7700492     1879.967       892 8.279060e-01 -2.770049e+00
18       0     75.5142840     1879.967       892 3.946756e-01  9.485716e+00
19       0     65.2793667     1879.967       892 6.024261e-01  5.720633e+00
20       0     19.8077062     1879.967       892 6.540041e-01  3.192294e+00
   ranking
1        9
2       10
3        6
4       20
5       17
6       16
7        1
8        2
9       11
10       3
11       4
12       8
13      13
14       7
15      19
16      18
17       5
18      15
19      14
20      12
[[1]]
NULL

> 
> saveRDS(NULL, paste0(checkdir, "/", gene, ".rds"))
> sessionInfo()
R version 3.4.0 (2017-04-21)
Platform: x86_64-pc-linux-gnu (64-bit)
Running under: Ubuntu 14.04.5 LTS

Matrix products: default
BLAS: /usr/local/R/R-3.4.0/lib/libRblas.so
LAPACK: /usr/local/R/R-3.4.0/lib/libRlapack.so

locale:
 [1] LC_CTYPE=en_CA.UTF-8       LC_NUMERIC=C              
 [3] LC_TIME=en_CA.UTF-8        LC_COLLATE=en_CA.UTF-8    
 [5] LC_MONETARY=en_CA.UTF-8    LC_MESSAGES=en_CA.UTF-8   
 [7] LC_PAPER=en_CA.UTF-8       LC_NAME=C                 
 [9] LC_ADDRESS=C               LC_TELEPHONE=C            
[11] LC_MEASUREMENT=en_CA.UTF-8 LC_IDENTIFICATION=C       

attached base packages:
 [1] grid      stats4    parallel  stats     graphics  grDevices utils    
 [8] datasets  methods   base     

other attached packages:
 [1] Gviz_1.20.0                           
 [2] gridExtra_2.3                         
 [3] ggrepel_0.7.0                         
 [4] cowplot_0.8.0                         
 [5] ggplot2_2.2.1                         
 [6] BSgenome.Hsapiens.NCBI.GRCh38_1.3.1000
 [7] BSgenome_1.44.2                       
 [8] rtracklayer_1.36.4                    
 [9] GenomicAlignments_1.12.2              
[10] Rsamtools_1.28.0                      
[11] Biostrings_2.44.2                     
[12] XVector_0.16.0                        
[13] SummarizedExperiment_1.6.5            
[14] DelayedArray_0.2.7                    
[15] matrixStats_0.52.2                    
[16] Biobase_2.36.2                        
[17] GenomicRanges_1.28.5                  
[18] GenomeInfoDb_1.12.2                   
[19] IRanges_2.10.3                        
[20] S4Vectors_0.14.5                      
[21] BiocGenerics_0.22.0                   
[22] alpine_1.2.0                          
[23] dplyr_0.7.4                           

loaded via a namespace (and not attached):
 [1] ProtGenerics_1.8.0            bitops_1.0-6                 
 [3] bit64_0.9-7                   RColorBrewer_1.1-2           
 [5] httr_1.3.1                    tools_3.4.0                  
 [7] backports_1.1.1               R6_2.2.2                     
 [9] rpart_4.1-11                  Hmisc_4.0-3                  
[11] DBI_0.7                       lazyeval_0.2.0               
[13] colorspace_1.3-2              nnet_7.3-12                  
[15] curl_2.8.1                    bit_1.1-12                   
[17] compiler_3.4.0                graph_1.54.0                 
[19] htmlTable_1.9                 scales_0.5.0                 
[21] checkmate_1.8.4               RBGL_1.52.0                  
[23] speedglm_0.3-2                stringr_1.2.0                
[25] digest_0.6.12                 foreign_0.8-69               
[27] base64enc_0.1-3               dichromat_2.0-0              
[29] pkgconfig_2.0.1               htmltools_0.3.6              
[31] ensembldb_2.0.4               htmlwidgets_0.9              
[33] rlang_0.1.2                   RSQLite_2.0                  
[35] BiocInstaller_1.26.1          shiny_1.0.5                  
[37] bindr_0.1                     BiocParallel_1.10.1          
[39] acepack_1.4.1                 VariantAnnotation_1.22.3     
[41] RCurl_1.95-4.8                magrittr_1.5                 
[43] GenomeInfoDbData_0.99.0       Formula_1.2-2                
[45] Matrix_1.2-11                 Rcpp_0.12.13                 
[47] munsell_0.4.3                 stringi_1.1.5                
[49] yaml_2.1.14                   MASS_7.3-47                  
[51] zlibbioc_1.22.0               plyr_1.8.4                   
[53] AnnotationHub_2.8.2           blob_1.1.0                   
[55] lattice_0.20-35               splines_3.4.0                
[57] GenomicFeatures_1.28.5        knitr_1.17                   
[59] biomaRt_2.32.1                XML_3.98-1.9                 
[61] glue_1.1.1                    biovizBase_1.24.0            
[63] latticeExtra_0.6-28           data.table_1.10.4            
[65] httpuv_1.3.5                  gtable_0.2.0                 
[67] assertthat_0.2.0              mime_0.5                     
[69] xtable_1.8-2                  AnnotationFilter_1.0.0       
[71] survival_2.41-3               tibble_1.3.4                 
[73] AnnotationDbi_1.38.2          memoise_1.1.0                
[75] bindrcpp_0.2                  cluster_2.0.6                
[77] interactiveDisplayBase_1.14.0
> date()
[1] "Thu Nov  2 16:15:31 2017"
> 
> 
> proc.time()
   user  system elapsed 
 68.925  21.128 329.403 
