
R version 3.4.0 (2017-04-21) -- "You Stupid Darkness"
Copyright (C) 2017 The R Foundation for Statistical Computing
Platform: x86_64-pc-linux-gnu (64-bit)

R is free software and comes with ABSOLUTELY NO WARRANTY.
You are welcome to redistribute it under certain conditions.
Type 'license()' or 'licence()' for distribution details.

  Natural language support but running in an English locale

R is a collaborative project with many contributors.
Type 'contributors()' for more information and
'citation()' on how to cite R or R packages in publications.

Type 'demo()' for some demos, 'help()' for on-line help, or
'help.start()' for an HTML browser interface to help.
Type 'q()' to quit R.

> args <- (commandArgs(trailingOnly = TRUE))
> for (i in 1:length(args)) {
+   eval(parse(text = args[[i]]))
+ }
> 
> print(gene)
[1] "ENSG00000166224"
> print(bam)
[1] "STAR/20151016.A-Cortex_RNA/20151016.A-Cortex_RNA_Aligned.sortedByCoord.out.bam"
> print(bw)
[1] "STARbigwig/20151016.A-Cortex_RNA_Aligned.sortedByCoord.out.bw"
> print(genemodels)
[1] "alpine/alpine_genemodels.rds"
> print(quantsf)
[1] "salmon/cDNA/20151016.A-Cortex_RNA/quant.sf"
> print(biasmodels)
[1] "alpine/alpine_fitbiasmodel.rds"
> print(outrds)
[1] "alpine_out/ENSG00000166224.rds"
> 
> suppressPackageStartupMessages(library(dplyr))
> suppressPackageStartupMessages(library(alpine))
> suppressPackageStartupMessages(library(GenomicAlignments))
> suppressPackageStartupMessages(library(BSgenome.Hsapiens.NCBI.GRCh38))
> suppressPackageStartupMessages(library(ggplot2))
> suppressPackageStartupMessages(library(cowplot))
> suppressPackageStartupMessages(library(ggrepel))
> suppressPackageStartupMessages(library(grid))
> suppressPackageStartupMessages(library(gridExtra))
> 
> source("Rscripts/plot_tracks.R")
> 
> ## Read gene models for plot (pregenerated from gtf to save time)
> genemodels <- readRDS(genemodels)
> quantsf <- genemodels$quantsf
> 
> ## Read bias model parameters and gene models
> biasmodels <- readRDS(biasmodels)
> fitpar <- biasmodels$fitpar
> ebt0 <- biasmodels$ebt0
> txps <- biasmodels$txps
> 
> ## Estimate average fragment length
> avefraglength <- sum(fitpar$`1`$fraglen.density$x * fitpar$`1`$fraglen.density$y/sum(fitpar$`1`$fraglen.density$y))
> 
> ## Get transcripts for gene of interest
> txlist <- names(subset(txps, gene_id == gene))
> stopifnot(length(txlist) > 0)
> names(txlist) <- txlist
> 
> ## Load bam file 
> bam.files <- bam
> names(bam.files) <- "1"
> 
> ## Predict coverage for each transcript
> pred.cov <- lapply(txlist, function(tx) {
+   message(tx)
+   ## Get transcript model
+   txmod <- ebt0[[tx]]
+   
+   pc <- tryCatch({
+     m <- predictCoverage(gene = txmod,
+                          bam.files = bam.files,
+                          fitpar = fitpar,
+                          genome = Hsapiens,
+                          model.names = "all")
+     ## Scale predicted coverage to agree with Salmon's estimated count
+     m$`1`$pred.cov$all <- m$`1`$pred.cov$all/sum(m$`1`$pred.cov$all) * quantsf$NumReads[quantsf$Name == tx] * avefraglength
+     m
+   }, error = function(e) NULL)
+   pc
+ })
ENST00000486993
ENST00000373202
ENST00000299297
ENST00000409118
ENST00000611290
ENST00000613857
ENST00000620724
ENST00000618021
> 
> junctionlist <- lapply(txlist, function(tx) {
+   txmod <- sort(ebt0[[tx]])
+   junctions <- GenomicRanges::setdiff(range(txmod), txmod)
+   if (all(strand(txmod) == "+")) {
+     junctionpos <- cumsum(width(txmod))
+     junctionpos <- junctionpos[-length(junctionpos)]
+     junctioncov <- as.numeric(pred.cov[[tx]]$"1"$pred.cov$all)[junctionpos]
+   } else if (all(strand(txmod) == "-")) {
+     junctionpos <- cumsum(width(rev(txmod)))
+     junctionpos <- junctionpos[-length(junctionpos)]
+     junctioncov <- as.numeric(pred.cov[[tx]]$"1"$pred.cov$all)[junctionpos]
+     junctioncov <- rev(junctioncov)
+   } else {
+     stop("Unknown or mixed strand")
+   }
+   mcols(junctions)$coverage <- junctioncov
+   junctions
+ })
> 
> jl <- do.call(rbind, lapply(junctionlist, as.data.frame)) %>% 
+   dplyr::group_by(seqnames, start, end, width, strand) %>%
+   dplyr::summarize(coverage = sum(coverage, na.rm = TRUE)) %>% ungroup() %>%
+   dplyr::mutate(coverage = replace(coverage, is.na(coverage), 0))
> 
> jl <- dplyr::left_join(jl, genemodels$jcov) %>%
+   dplyr::mutate(uniqreads = replace(uniqreads, is.na(uniqreads), 0),
+                 mmreads = replace(mmreads, is.na(mmreads), 0)) %>%
+   dplyr::mutate(scaledcoverage = coverage/sum(coverage, na.rm = TRUE) * sum(uniqreads, na.rm = TRUE)) %>%
+   dplyr::mutate(junctionid = paste0("J", seq_len(length(scaledcoverage)))) %>%
+   dplyr::select(junctionid, everything())
Joining, by = c("seqnames", "start", "end", "strand")
Warning messages:
1: Column `seqnames` joining factor and character vector, coercing into character vector 
2: Column `strand` joining factor and character vector, coercing into character vector 
> 
> pdf(gsub("rds$", "pdf", outrds), width = 12, height = 10)
> tryCatch({
+   plot_tracks(mygene = gene, genemodels = genemodels$genemodels_exon, 
+               genemodels2 = genemodels$genemodels_cds, 
+               gtf_file = NULL, rnaseq_datafiles = structure(bw, names = "s1"), 
+               rnaseq_condition = structure("g1", names = "s1"), show_chr = NULL, 
+               min_coord = NULL, max_coord = NULL, 
+               pdf_filename = NULL, pdf_width = 7, pdf_height = 7)
+ }, error = function(e) message(e))
> 
> grid.newpage()
> grid.table(quantsf %>% dplyr::filter(Name %in% txlist))
> 
> grid.newpage()
> grid.table(jl %>% dplyr::select(junctionid, seqnames, start, end, width, strand, 
+                                 uniqreads, mmreads, scaledcoverage))
> 
> print(ggplot(jl, aes(x = scaledcoverage, y = uniqreads, label = junctionid)) + 
+         geom_point(size = 4) + geom_label_repel() + 
+         geom_abline(intercept = 0, slope = 1) + 
+         ggtitle(paste0("score = ", round(sum(abs(jl$uniqreads - jl$scaledcoverage), 
+                                                  na.rm = TRUE)/sum(jl$uniqreads, na.rm = TRUE), 2))) + 
+         xlab("Scaled predicted coverage") + ylab("Number of uniquely mapped reads"))
> dev.off()
null device 
          1 
> 
> # print(sort(fit$residuals))
> write.table(jl %>% dplyr::mutate(difference = uniqreads - scaledcoverage) %>%
+   dplyr::mutate(ranking = order(order(difference))) %>%
+     dplyr::mutate(coverage = round(coverage, 2),
+                   scaledcoverage = round(scaledcoverage, 2),
+                   difference = round(difference, 2)), 
+   file = gsub("rds$", "txt", outrds),
+   quote = FALSE, row.names = FALSE, col.names = TRUE, sep = "\t")
> print(as.data.frame(jl))
   junctionid seqnames    start      end width strand    coverage uniqreads
1          J1       10 70816127 70816810   684      +  37.9137519        10
2          J2       10 70816881 70820183  3303      +   0.5000026         0
3          J3       10 70816881 70844472 27592      +  69.8769893        49
4          J4       10 70844639 70851142  6504      + 107.5119627        57
5          J5       10 70851211 70854707  3497      + 109.5583013        62
6          J6       10 70854856 70857613  2758      + 109.4075230        69
7          J7       10 70857691 70859370  1680      + 125.1052053        84
8          J8       10 70859500 70860392   893      +   0.6741750         1
9          J9       10 70859500 70868344  8845      + 110.9700859        57
10        J10       10 70866706 70868344  1639      +   0.9826982         0
11        J11       10 70868434 70869326   893      +   1.0739730         0
12        J12       10 70868434 70869791  1358      + 120.6908492        54
13        J13       10 70869425 70869791   367      +  16.8562570         3
14        J14       10 70869898 70871047  1150      + 116.4596249        65
15        J15       10 70871147 70871836   690      + 108.3780807        72
16        J16       10 70871987 70873350  1364      +  85.0925715        89
17        J17       10 70873590 70875401  1812      + 101.5513741        79
18        J18       10 70875549 70876540   992      +  94.7268810       116
19        J19       10 70876662 70877194   533      + 101.8448480        88
   mmreads scaledcoverage
1        0     25.5131532
2        0      0.3364648
3        0     47.0220498
4        0     72.3476056
5        0     73.7246403
6        0     73.6231776
7        0     84.1865577
8        0      0.4536699
9        0     74.6746669
10       0      0.6612832
11       0      0.7227045
12       0     81.2160223
13       0     11.3430153
14       0     78.3687210
15       0     72.9304390
16       0     57.2610121
17       0     68.3365700
18       0     63.7441904
19       0     68.5340562
> 
> saveRDS(NULL, outrds)
> sessionInfo()
R version 3.4.0 (2017-04-21)
Platform: x86_64-pc-linux-gnu (64-bit)
Running under: Ubuntu 14.04.5 LTS

Matrix products: default
BLAS: /usr/local/R/R-3.4.0/lib/libRblas.so
LAPACK: /usr/local/R/R-3.4.0/lib/libRlapack.so

locale:
 [1] LC_CTYPE=en_CA.UTF-8       LC_NUMERIC=C              
 [3] LC_TIME=en_CA.UTF-8        LC_COLLATE=en_CA.UTF-8    
 [5] LC_MONETARY=en_CA.UTF-8    LC_MESSAGES=en_CA.UTF-8   
 [7] LC_PAPER=en_CA.UTF-8       LC_NAME=C                 
 [9] LC_ADDRESS=C               LC_TELEPHONE=C            
[11] LC_MEASUREMENT=en_CA.UTF-8 LC_IDENTIFICATION=C       

attached base packages:
 [1] grid      stats4    parallel  stats     graphics  grDevices utils    
 [8] datasets  methods   base     

other attached packages:
 [1] bindrcpp_0.2                          
 [2] Gviz_1.20.0                           
 [3] gridExtra_2.3                         
 [4] ggrepel_0.7.0                         
 [5] cowplot_0.8.0                         
 [6] ggplot2_2.2.1                         
 [7] BSgenome.Hsapiens.NCBI.GRCh38_1.3.1000
 [8] BSgenome_1.44.2                       
 [9] rtracklayer_1.36.4                    
[10] GenomicAlignments_1.12.2              
[11] Rsamtools_1.28.0                      
[12] Biostrings_2.44.2                     
[13] XVector_0.16.0                        
[14] SummarizedExperiment_1.6.5            
[15] DelayedArray_0.2.7                    
[16] matrixStats_0.52.2                    
[17] Biobase_2.36.2                        
[18] GenomicRanges_1.28.5                  
[19] GenomeInfoDb_1.12.2                   
[20] IRanges_2.10.3                        
[21] S4Vectors_0.14.5                      
[22] BiocGenerics_0.22.0                   
[23] alpine_1.2.0                          
[24] dplyr_0.7.4                           

loaded via a namespace (and not attached):
 [1] ProtGenerics_1.8.0            bitops_1.0-6                 
 [3] bit64_0.9-7                   RColorBrewer_1.1-2           
 [5] httr_1.3.1                    tools_3.4.0                  
 [7] backports_1.1.1               R6_2.2.2                     
 [9] rpart_4.1-11                  Hmisc_4.0-3                  
[11] DBI_0.7                       lazyeval_0.2.0               
[13] colorspace_1.3-2              nnet_7.3-12                  
[15] curl_2.8.1                    bit_1.1-12                   
[17] compiler_3.4.0                graph_1.54.0                 
[19] htmlTable_1.9                 labeling_0.3                 
[21] scales_0.5.0                  checkmate_1.8.4              
[23] RBGL_1.52.0                   speedglm_0.3-2               
[25] stringr_1.2.0                 digest_0.6.12                
[27] foreign_0.8-69                base64enc_0.1-3              
[29] dichromat_2.0-0               pkgconfig_2.0.1              
[31] htmltools_0.3.6               ensembldb_2.0.4              
[33] htmlwidgets_0.9               rlang_0.1.2                  
[35] RSQLite_2.0                   BiocInstaller_1.26.1         
[37] shiny_1.0.5                   bindr_0.1                    
[39] BiocParallel_1.10.1           acepack_1.4.1                
[41] VariantAnnotation_1.22.3      RCurl_1.95-4.8               
[43] magrittr_1.5                  GenomeInfoDbData_0.99.0      
[45] Formula_1.2-2                 Matrix_1.2-11                
[47] Rcpp_0.12.13                  munsell_0.4.3                
[49] stringi_1.1.5                 yaml_2.1.14                  
[51] MASS_7.3-47                   zlibbioc_1.22.0              
[53] plyr_1.8.4                    AnnotationHub_2.8.2          
[55] blob_1.1.0                    lattice_0.20-35              
[57] splines_3.4.0                 GenomicFeatures_1.28.5       
[59] knitr_1.17                    biomaRt_2.32.1               
[61] XML_3.98-1.9                  glue_1.1.1                   
[63] biovizBase_1.24.0             latticeExtra_0.6-28          
[65] data.table_1.10.4             httpuv_1.3.5                 
[67] gtable_0.2.0                  assertthat_0.2.0             
[69] mime_0.5                      xtable_1.8-2                 
[71] AnnotationFilter_1.0.0        survival_2.41-3              
[73] tibble_1.3.4                  AnnotationDbi_1.38.2         
[75] memoise_1.1.0                 cluster_2.0.6                
[77] interactiveDisplayBase_1.14.0
> date()
[1] "Wed Nov  1 20:57:14 2017"
> 
> 
> proc.time()
   user  system elapsed 
154.487   9.800 165.591 
