
R version 3.4.0 (2017-04-21) -- "You Stupid Darkness"
Copyright (C) 2017 The R Foundation for Statistical Computing
Platform: x86_64-pc-linux-gnu (64-bit)

R is free software and comes with ABSOLUTELY NO WARRANTY.
You are welcome to redistribute it under certain conditions.
Type 'license()' or 'licence()' for distribution details.

  Natural language support but running in an English locale

R is a collaborative project with many contributors.
Type 'contributors()' for more information and
'citation()' on how to cite R or R packages in publications.

Type 'demo()' for some demos, 'help()' for on-line help, or
'help.start()' for an HTML browser interface to help.
Type 'q()' to quit R.

During startup - Warning message:
Setting LC_CTYPE failed, using "C" 
> args <- (commandArgs(trailingOnly = TRUE))
> for (i in 1:length(args)) {
+   eval(parse(text = args[[i]]))
+ }
> 
> print(combcovrds)
[1] "alpine/20170918.A-WT_4/alpine_combined_coverages.rds"
> print(outrds)
[1] "alpine/20170918.A-WT_4/alpine_gene_expression.rds"
> 
> suppressPackageStartupMessages(library(dplyr))
> 
> x <- readRDS(combcovrds)
> 
> quants <- x$allquants
> 
> ## Summarize on gene level
> quants_gene <- quants %>% dplyr::group_by(gene, method) %>%
+   dplyr::mutate(TPMrel = TPM/sum(TPM)) %>%
+   dplyr::mutate(TPMrel = replace(TPMrel, is.na(TPMrel), 0)) %>%
+   dplyr::summarize(count = sum(count),
+                    TPM = sum(TPM),
+                    nbr_expressed_transcripts = sum(TPM > 0),
+                    nbr_expressed_transcripts_5p = sum(TPMrel > 0.05)) %>%
+   dplyr::ungroup()
> 
> saveRDS(quants_gene, file = outrds)
> 
> sessionInfo()
R version 3.4.0 (2017-04-21)
Platform: x86_64-pc-linux-gnu (64-bit)
Running under: Ubuntu 14.04.5 LTS

Matrix products: default
BLAS: /usr/local/R/R-3.4.0/lib/libRblas.so
LAPACK: /usr/local/R/R-3.4.0/lib/libRlapack.so

locale:
 [1] LC_CTYPE=C                 LC_NUMERIC=C              
 [3] LC_TIME=en_CA.UTF-8        LC_COLLATE=en_CA.UTF-8    
 [5] LC_MONETARY=en_CA.UTF-8    LC_MESSAGES=en_CA.UTF-8   
 [7] LC_PAPER=en_CA.UTF-8       LC_NAME=C                 
 [9] LC_ADDRESS=C               LC_TELEPHONE=C            
[11] LC_MEASUREMENT=en_CA.UTF-8 LC_IDENTIFICATION=C       

attached base packages:
[1] stats     graphics  grDevices utils     datasets  methods   base     

other attached packages:
[1] bindrcpp_0.2 dplyr_0.7.4 

loaded via a namespace (and not attached):
 [1] compiler_3.4.0   magrittr_1.5     assertthat_0.2.0 R6_2.2.2        
 [5] glue_1.1.1       tibble_1.3.4     Rcpp_0.12.13     pkgconfig_2.0.1 
 [9] rlang_0.1.2      bindr_0.1       
> date()
[1] "Thu Jan 18 05:44:55 2018"
> 
> proc.time()
   user  system elapsed 
 89.226   0.516  89.864 
