
R version 3.4.0 (2017-04-21) -- "You Stupid Darkness"
Copyright (C) 2017 The R Foundation for Statistical Computing
Platform: x86_64-pc-linux-gnu (64-bit)

R is free software and comes with ABSOLUTELY NO WARRANTY.
You are welcome to redistribute it under certain conditions.
Type 'license()' or 'licence()' for distribution details.

  Natural language support but running in an English locale

R is a collaborative project with many contributors.
Type 'contributors()' for more information and
'citation()' on how to cite R or R packages in publications.

Type 'demo()' for some demos, 'help()' for on-line help, or
'help.start()' for an HTML browser interface to help.
Type 'q()' to quit R.

> args <- (commandArgs(trailingOnly = TRUE))
> for (i in 1:length(args)) {
+   eval(parse(text = args[[i]]))
+ }
> 
> print(gtf)
[1] "stringtie/20151016.A-Cortex_RNA/20151016.A-Cortex_RNA.gtf"
> print(outrds)
[1] "reference/Gviz/20151016.A-Cortex_RNA_stringtie_tx_gviz_genemodels.rds"
> 
> source("Rscripts/plot_tracks.R")
> 
> ## Create gene models for Gviz visualization
> options(ucscChromosomeNames = FALSE)
> genemodels_exon <- create_genemodels(gtf, seltype = "exon")
Error in colnames(mcols(genemodels))[idx] <- c("transcript", "gene", "exon") : 
  NAs are not allowed in subscripted assignments
Calls: create_genemodels
Execution halted
