
R version 3.4.0 (2017-04-21) -- "You Stupid Darkness"
Copyright (C) 2017 The R Foundation for Statistical Computing
Platform: x86_64-pc-linux-gnu (64-bit)

R is free software and comes with ABSOLUTELY NO WARRANTY.
You are welcome to redistribute it under certain conditions.
Type 'license()' or 'licence()' for distribution details.

  Natural language support but running in an English locale

R is a collaborative project with many contributors.
Type 'contributors()' for more information and
'citation()' on how to cite R or R packages in publications.

Type 'demo()' for some demos, 'help()' for on-line help, or
'help.start()' for an HTML browser interface to help.
Type 'q()' to quit R.

During startup - Warning message:
Setting LC_CTYPE failed, using "C" 
> args <- (commandArgs(trailingOnly = TRUE))
> for (i in 1:length(args)) {
+   eval(parse(text = args[[i]]))
+ }
> 
> print(inrds)  ## output from alpine_get_predicted_coverage.R
[1] "alpine/20170918.A-WT_4/alpine_predicted_coverage.rds"
> print(tx2gene)
[1] "reference/Homo_sapiens.GRCh38.90_tx2gene_ext.rds"
> print(outtxt)
[1] "gene_selection/20170918.A-WT_4/genes_to_run.txt"
> 
> suppressPackageStartupMessages(library(dplyr))
> 
> x <- readRDS(inrds)
> ## Keep only transcripts with at least one junction
> x <- x[sapply(x, function(w) length(w$junctions)) > 0]
Loading required package: GenomicRanges
Loading required package: stats4
Loading required package: BiocGenerics
Loading required package: parallel

Attaching package: 'BiocGenerics'

The following objects are masked from 'package:parallel':

    clusterApply, clusterApplyLB, clusterCall, clusterEvalQ,
    clusterExport, clusterMap, parApply, parCapply, parLapply,
    parLapplyLB, parRapply, parSapply, parSapplyLB

The following objects are masked from 'package:dplyr':

    combine, intersect, setdiff, union

The following objects are masked from 'package:stats':

    IQR, mad, sd, var, xtabs

The following objects are masked from 'package:base':

    anyDuplicated, append, as.data.frame, cbind, colMeans, colnames,
    colSums, do.call, duplicated, eval, evalq, Filter, Find, get, grep,
    grepl, intersect, is.unsorted, lapply, lengths, Map, mapply, match,
    mget, order, paste, pmax, pmax.int, pmin, pmin.int, Position, rank,
    rbind, Reduce, rowMeans, rownames, rowSums, sapply, setdiff, sort,
    table, tapply, union, unique, unsplit, which, which.max, which.min

Loading required package: S4Vectors

Attaching package: 'S4Vectors'

The following objects are masked from 'package:dplyr':

    first, rename

The following object is masked from 'package:base':

    expand.grid

Loading required package: IRanges

Attaching package: 'IRanges'

The following objects are masked from 'package:dplyr':

    collapse, desc, slice

Loading required package: GenomeInfoDb
> tx2gene <- readRDS(tx2gene) %>% dplyr::mutate(tx = gsub("\\.[0-9]+$", "", tx),
+                                               gene = gsub("\\.[0-9]+$", "", gene))
> genes <- unique(tx2gene$gene[match(names(x), tx2gene$tx)])
> 
> write.table(genes, file = outtxt, row.names = FALSE, col.names = FALSE, 
+             sep = "\t", quote = FALSE)
> 
> sessionInfo()
R version 3.4.0 (2017-04-21)
Platform: x86_64-pc-linux-gnu (64-bit)
Running under: Ubuntu 14.04.5 LTS

Matrix products: default
BLAS: /usr/local/R/R-3.4.0/lib/libRblas.so
LAPACK: /usr/local/R/R-3.4.0/lib/libRlapack.so

locale:
 [1] LC_CTYPE=C                 LC_NUMERIC=C              
 [3] LC_TIME=en_CA.UTF-8        LC_COLLATE=en_CA.UTF-8    
 [5] LC_MONETARY=en_CA.UTF-8    LC_MESSAGES=en_CA.UTF-8   
 [7] LC_PAPER=en_CA.UTF-8       LC_NAME=C                 
 [9] LC_ADDRESS=C               LC_TELEPHONE=C            
[11] LC_MEASUREMENT=en_CA.UTF-8 LC_IDENTIFICATION=C       

attached base packages:
[1] parallel  stats4    stats     graphics  grDevices utils     datasets 
[8] methods   base     

other attached packages:
[1] bindrcpp_0.2         GenomicRanges_1.28.5 GenomeInfoDb_1.12.2 
[4] IRanges_2.10.3       S4Vectors_0.14.5     BiocGenerics_0.22.0 
[7] dplyr_0.7.4         

loaded via a namespace (and not attached):
 [1] Rcpp_0.12.13            assertthat_0.2.0        bitops_1.0-6           
 [4] R6_2.2.2                magrittr_1.5            zlibbioc_1.22.0        
 [7] rlang_0.1.2             XVector_0.16.0          glue_1.1.1             
[10] RCurl_1.95-4.8          compiler_3.4.0          pkgconfig_2.0.1        
[13] bindr_0.1               GenomeInfoDbData_0.99.0 tibble_1.3.4           
> date()
[1] "Tue Jan 16 13:58:29 2018"
> 
> proc.time()
   user  system elapsed 
 62.263   4.316  66.700 
